nohup: ignoring input
[模型] 加载完成 | epoch=405 | metric=95.81

[推理] 在 CIFAR-10 val set 上测算 QKV 输出脉冲发放率...
  batch 20/157
  batch 40/157
  batch 60/157
  batch 80/157
  batch 100/157
  batch 120/157
  batch 140/157

层名                                     t=0      t=1      t=2      t=3        均值
-----------------------------------------------------------------------------------
block[0].attn.q_lif                   15.32%   19.19%   17.27%   17.65%   17.36%
block[0].attn.k_lif                    4.85%   10.35%    9.26%    9.89%    8.59%
block[0].attn.v_lif                    3.85%   10.15%    9.12%    9.52%    8.16%
block[1].attn.q_lif                   11.32%   13.24%   11.79%   11.84%   12.05%
block[1].attn.k_lif                    6.13%    8.90%    9.02%    9.29%    8.33%
block[1].attn.v_lif                    5.07%    8.54%    8.51%    8.82%    7.73%
block[2].attn.q_lif                    8.65%   10.28%    9.06%    8.62%    9.15%
block[2].attn.k_lif                    7.10%    7.42%    7.50%    7.56%    7.40%
block[2].attn.v_lif                    4.44%    6.06%    6.34%    6.66%    5.87%
block[3].attn.q_lif                    7.29%    8.22%    8.52%    8.38%    8.10%
block[3].attn.k_lif                    8.22%    5.40%    6.25%    6.60%    6.62%
block[3].attn.v_lif                    6.35%    5.74%    6.24%    6.39%    6.18%

[q_lif 各block均值]                10.65%   12.73%   11.66%   11.62%   11.66%
[k_lif 各block均值]                 6.58%    8.02%    8.01%    8.33%    7.73%
[v_lif 各block均值]                 4.93%    7.62%    7.55%    7.84%    6.99%

[QKV 全局均值]                         7.38%    9.46%    9.07%    9.27%    8.79%

[保存] 结果已保存至 /home/t.lei/finetuning_using_pgu/Spikingformer/sparsity/sparsity_cifar10_qkv.csv
